#
# There is insufficient memory for the Java Runtime Environment to continue.
# Native memory allocation (malloc) failed to allocate 926736 bytes. Error detail: Chunk::new
# Possible reasons:
#   The system is out of physical RAM or swap space
#   This process is running with CompressedOops enabled, and the Java Heap may be blocking the growth of the native heap
# Possible solutions:
#   Reduce memory load on the system
#   Increase physical memory or swap space
#   Check if swap backing store is full
#   Decrease Java heap size (-Xmx/-Xms)
#   Decrease number of Java threads
#   Decrease Java thread stack sizes (-Xss)
#   Set larger code cache with -XX:ReservedCodeCacheSize=
#   JVM is running with Unscaled Compressed Oops mode in which the Java heap is
#     placed in the first 4GB address space. The Java Heap base address is the
#     maximum limit for the native heap growth. Please use -XX:HeapBaseMinAddress
#     to set the Java Heap base and to place the Java Heap above 4GB virtual address.
# This output file may be truncated or incomplete.
#
#  Out of Memory Error (arena.cpp:168), pid=15184, tid=5072
#
# JRE version: OpenJDK Runtime Environment Temurin-21.0.10+7 (21.0.10+7) (build 21.0.10+7-LTS)
# Java VM: OpenJDK 64-Bit Server VM Temurin-21.0.10+7 (21.0.10+7-LTS, mixed mode, sharing, tiered, compressed oops, compressed class ptrs, parallel gc, windows-amd64)
# No core dump will be written. Minidumps are not enabled by default on client versions of Windows
#

---------------  S U M M A R Y ------------

Command Line: --add-modules=ALL-SYSTEM --add-opens=java.base/java.util=ALL-UNNAMED --add-opens=java.base/java.lang=ALL-UNNAMED --add-opens=java.base/sun.nio.fs=ALL-UNNAMED -Declipse.application=org.eclipse.jdt.ls.core.id1 -Dosgi.bundles.defaultStartLevel=4 -Declipse.product=org.eclipse.jdt.ls.core.product -Djava.import.generatesMetadataFilesAtProjectRoot=false -DDetectVMInstallationsJob.disabled=true -Dfile.encoding=utf8 -XX:+UseParallelGC -XX:GCTimeRatio=4 -XX:AdaptiveSizePolicyWeight=90 -Dsun.zip.disableMemoryMapping=true -Xmx2G -Xms100m -Xlog:disable -javaagent:c:\Users\anshu\.vscode\extensions\redhat.java-1.53.0-win32-x64\lombok\lombok-1.18.39-4050.jar -XX:+HeapDumpOnOutOfMemoryError -XX:HeapDumpPath=c:\Users\anshu\AppData\Roaming\Code\User\workspaceStorage\96783c51abcd23fa3d8c1bf67ed6debc\redhat.java -Daether.dependencyCollector.impl=bf c:\Users\anshu\.vscode\extensions\redhat.java-1.53.0-win32-x64\server\plugins\org.eclipse.equinox.launcher_1.7.100.v20251111-0406.jar -configuration c:\Users\anshu\AppData\Roaming\Code\User\globalStorage\redhat.java\1.53.0\config_win -data c:\Users\anshu\AppData\Roaming\Code\User\workspaceStorage\96783c51abcd23fa3d8c1bf67ed6debc\redhat.java\jdt_ws --pipe=\\.\pipe\lsp-1b26eecdd864e73ccf00d65e07cbdc44-sock

Host: 12th Gen Intel(R) Core(TM) i5-12450H, 12 cores, 7G,  Windows 11 , 64 bit Build 26100 (10.0.26100.4484)
Time: Fri Mar  6 09:30:30 2026 India Standard Time elapsed time: 76.318476 seconds (0d 0h 1m 16s)

---------------  T H R E A D  ---------------

Current thread (0x00000279359ed810):  JavaThread "C2 CompilerThread0" daemon [_thread_in_native, id=5072, stack(0x000000b8cc200000,0x000000b8cc300000) (1024K)]


Current CompileTask:
C2:76318 13872       4       org.eclipse.jdt.internal.compiler.lookup.LookupEnvironment::getAnalysisAnnotationBit (323 bytes)

Stack: [0x000000b8cc200000,0x000000b8cc300000]
Native frames: (J=compiled Java code, j=interpreted, Vv=VM code, C=native code)
V  [jvm.dll+0x6d7a39]
V  [jvm.dll+0x8b4b26]
V  [jvm.dll+0x8b70de]
V  [jvm.dll+0x8b77c3]
V  [jvm.dll+0x284346]
V  [jvm.dll+0xc66ed]
V  [jvm.dll+0xc6c31]
V  [jvm.dll+0x3bec01]
V  [jvm.dll+0x38b162]
V  [jvm.dll+0x38a5aa]
V  [jvm.dll+0x24c560]
V  [jvm.dll+0x24bb40]
V  [jvm.dll+0x1cb34e]
V  [jvm.dll+0x25b85d]
V  [jvm.dll+0x259dea]
V  [jvm.dll+0x3f857e]
V  [jvm.dll+0x85f59d]
V  [jvm.dll+0x6d626d]
C  [ucrtbase.dll+0x37b0]
C  [KERNEL32.DLL+0x2e8d7]
C  [ntdll.dll+0x3c34c]


---------------  P R O C E S S  ---------------

Threads class SMR info:
_java_thread_list=0x0000027995fe89a0, length=85, elements={
0x00000279335e4260, 0x00000279358dcb20, 0x00000279358de8c0, 0x00000279359d8070,
0x00000279359d9080, 0x00000279359de3d0, 0x00000279359e87c0, 0x00000279359ed810,
0x000002798e489a70, 0x000002798e6b0130, 0x000002798e6b0e50, 0x000002798e6b07c0,
0x000002798e6aed80, 0x000002798e6b14e0, 0x000002798e6b1b70, 0x000002798e6b2200,
0x000002798e6af410, 0x000002798e6afaa0, 0x000002799468f400, 0x0000027994690e40,
0x000002799468d9c0, 0x000002799468fa90, 0x000002799468e6e0, 0x0000027994690120,
0x00000279946907b0, 0x00000279946914d0, 0x0000027994691b60, 0x00000279946921f0,
0x000002799468ed70, 0x0000027994692880, 0x0000027994694950, 0x0000027994692f10,
0x00000279946935a0, 0x0000027994693c30, 0x00000279946942c0, 0x0000027994694fe0,
0x000002799634f130, 0x00000279963504e0, 0x000002799634d6f0, 0x000002799634f7c0,
0x000002799634d060, 0x0000027996351890, 0x000002799634e410, 0x0000027996354680,
0x0000027996353960, 0x00000279963525b0, 0x00000279963532d0, 0x0000027996352c40,
0x0000027996353ff0, 0x000002798e6ba390, 0x000002798e6b8950, 0x000002798e6bb0b0,
0x000002798e6b82c0, 0x000002798e6bc460, 0x000002798e6bbdd0, 0x000002798e6b9670,
0x000002798e6bb740, 0x000002798e6b8fe0, 0x000002798e6bcaf0, 0x000002798e6bd180,
0x000002798e6bdea0, 0x000002798e6bd810, 0x000002798e6be530, 0x000002798e6bebc0,
0x000002798e6bf250, 0x000002798e6bf8e0, 0x00000279a14da2b0, 0x00000279a14dbcf0,
0x00000279a14dc380, 0x00000279a14db660, 0x00000279a14dca10, 0x00000279a14dd0a0,
0x00000279a14dd730, 0x00000279a14dddc0, 0x00000279a14da940, 0x00000279a14de450,
0x00000279a14dafd0, 0x00000279a14deae0, 0x00000279a14df170, 0x00000279a14df800,
0x00000279a14dfe90, 0x00000279a14e0520, 0x00000279a14e1240, 0x000002799809c500,
0x000002799809a430
}

Java Threads: ( => current thread )
  0x00000279335e4260 JavaThread "main"                              [_thread_blocked, id=20980, stack(0x000000b8cb800000,0x000000b8cb900000) (1024K)]
  0x00000279358dcb20 JavaThread "Reference Handler"          daemon [_thread_blocked, id=11468, stack(0x000000b8cbc00000,0x000000b8cbd00000) (1024K)]
  0x00000279358de8c0 JavaThread "Finalizer"                  daemon [_thread_blocked, id=23228, stack(0x000000b8cbd00000,0x000000b8cbe00000) (1024K)]
  0x00000279359d8070 JavaThread "Signal Dispatcher"          daemon [_thread_blocked, id=19436, stack(0x000000b8cbe00000,0x000000b8cbf00000) (1024K)]
  0x00000279359d9080 JavaThread "Attach Listener"            daemon [_thread_blocked, id=17952, stack(0x000000b8cbf00000,0x000000b8cc000000) (1024K)]
  0x00000279359de3d0 JavaThread "Service Thread"             daemon [_thread_blocked, id=7796, stack(0x000000b8cc000000,0x000000b8cc100000) (1024K)]
  0x00000279359e87c0 JavaThread "Monitor Deflation Thread"   daemon [_thread_blocked, id=23432, stack(0x000000b8cc100000,0x000000b8cc200000) (1024K)]
=>0x00000279359ed810 JavaThread "C2 CompilerThread0"         daemon [_thread_in_native, id=5072, stack(0x000000b8cc200000,0x000000b8cc300000) (1024K)]
  0x000002798e489a70 JavaThread "C1 CompilerThread0"         daemon [_thread_blocked, id=8056, stack(0x000000b8cc300000,0x000000b8cc400000) (1024K)]
  0x000002798e6b0130 JavaThread "Common-Cleaner"             daemon [_thread_blocked, id=20716, stack(0x000000b8cc500000,0x000000b8cc600000) (1024K)]
  0x000002798e6b0e50 JavaThread "Notification Thread"        daemon [_thread_blocked, id=23248, stack(0x000000b8cc600000,0x000000b8cc700000) (1024K)]
  0x000002798e6b07c0 JavaThread "Active Thread: Equinox Container: b21371e9-e05d-4aeb-b3de-3677f2a62b4d"        [_thread_blocked, id=22864, stack(0x000000b8cce00000,0x000000b8ccf00000) (1024K)]
  0x000002798e6aed80 JavaThread "Refresh Thread: Equinox Container: b21371e9-e05d-4aeb-b3de-3677f2a62b4d" daemon [_thread_blocked, id=18540, stack(0x000000b8ccf00000,0x000000b8cd000000) (1024K)]
  0x000002798e6b14e0 JavaThread "Framework Event Dispatcher: Equinox Container: b21371e9-e05d-4aeb-b3de-3677f2a62b4d" daemon [_thread_blocked, id=22636, stack(0x000000b8cd100000,0x000000b8cd200000) (1024K)]
  0x000002798e6b1b70 JavaThread "Start Level: Equinox Container: b21371e9-e05d-4aeb-b3de-3677f2a62b4d" daemon [_thread_blocked, id=21952, stack(0x000000b8cd200000,0x000000b8cd300000) (1024K)]
  0x000002798e6b2200 JavaThread "Bundle File Closer"         daemon [_thread_blocked, id=21576, stack(0x000000b8cd500000,0x000000b8cd600000) (1024K)]
  0x000002798e6af410 JavaThread "SCR Component Actor"        daemon [_thread_blocked, id=10428, stack(0x000000b8cd600000,0x000000b8cd700000) (1024K)]
  0x000002798e6afaa0 JavaThread "Worker-JM"                         [_thread_blocked, id=11116, stack(0x000000b8cd700000,0x000000b8cd800000) (1024K)]
  0x000002799468f400 JavaThread "JNA Cleaner"                daemon [_thread_blocked, id=7644, stack(0x000000b8cd800000,0x000000b8cd900000) (1024K)]
  0x0000027994690e40 JavaThread "Worker-0"                          [_thread_blocked, id=2352, stack(0x000000b8cd900000,0x000000b8cda00000) (1024K)]
  0x000002799468d9c0 JavaThread "Worker-1"                          [_thread_blocked, id=16100, stack(0x000000b8cda00000,0x000000b8cdb00000) (1024K)]
  0x000002799468fa90 JavaThread "Java indexing"              daemon [_thread_blocked, id=8076, stack(0x000000b8cdb00000,0x000000b8cdc00000) (1024K)]
  0x000002799468e6e0 JavaThread "Worker-2"                          [_thread_blocked, id=13296, stack(0x000000b8cde00000,0x000000b8cdf00000) (1024K)]
  0x0000027994690120 JavaThread "Worker-3"                          [_thread_blocked, id=4996, stack(0x000000b8cdf00000,0x000000b8ce000000) (1024K)]
  0x00000279946907b0 JavaThread "Thread-1"                   daemon [_thread_in_native, id=11528, stack(0x000000b8ce000000,0x000000b8ce100000) (1024K)]
  0x00000279946914d0 JavaThread "Thread-2"                   daemon [_thread_in_native, id=20020, stack(0x000000b8ce100000,0x000000b8ce200000) (1024K)]
  0x0000027994691b60 JavaThread "Thread-3"                   daemon [_thread_in_native, id=21512, stack(0x000000b8ce200000,0x000000b8ce300000) (1024K)]
  0x00000279946921f0 JavaThread "Thread-4"                   daemon [_thread_in_native, id=6124, stack(0x000000b8ce300000,0x000000b8ce400000) (1024K)]
  0x000002799468ed70 JavaThread "Thread-5"                   daemon [_thread_in_native, id=22412, stack(0x000000b8ce400000,0x000000b8ce500000) (1024K)]
  0x0000027994692880 JavaThread "Thread-6"                   daemon [_thread_in_native, id=1892, stack(0x000000b8ce500000,0x000000b8ce600000) (1024K)]
  0x0000027994694950 JavaThread "Thread-7"                   daemon [_thread_in_native, id=21084, stack(0x000000b8ce600000,0x000000b8ce700000) (1024K)]
  0x0000027994692f10 JavaThread "Thread-8"                   daemon [_thread_in_native, id=22740, stack(0x000000b8ce700000,0x000000b8ce800000) (1024K)]
  0x00000279946935a0 JavaThread "Thread-9"                   daemon [_thread_in_native, id=13712, stack(0x000000b8ce800000,0x000000b8ce900000) (1024K)]
  0x0000027994693c30 JavaThread "Thread-10"                  daemon [_thread_in_native, id=22224, stack(0x000000b8ce900000,0x000000b8cea00000) (1024K)]
  0x00000279946942c0 JavaThread "Thread-11"                  daemon [_thread_in_native, id=22196, stack(0x000000b8cea00000,0x000000b8ceb00000) (1024K)]
  0x0000027994694fe0 JavaThread "Thread-12"                  daemon [_thread_in_native, id=2144, stack(0x000000b8ceb00000,0x000000b8cec00000) (1024K)]
  0x000002799634f130 JavaThread "Thread-13"                  daemon [_thread_in_native, id=16096, stack(0x000000b8cec00000,0x000000b8ced00000) (1024K)]
  0x00000279963504e0 JavaThread "Worker-4"                          [_thread_blocked, id=4204, stack(0x000000b8ced00000,0x000000b8cee00000) (1024K)]
  0x000002799634d6f0 JavaThread "pool-2-thread-1"                   [_thread_blocked, id=23332, stack(0x000000b8cee00000,0x000000b8cef00000) (1024K)]
  0x000002799634f7c0 JavaThread "WorkspaceEventsHandler"            [_thread_blocked, id=22812, stack(0x000000b8cef00000,0x000000b8cf000000) (1024K)]
  0x000002799634d060 JavaThread "pool-1-thread-1"                   [_thread_blocked, id=21596, stack(0x000000b8cf000000,0x000000b8cf100000) (1024K)]
  0x0000027996351890 JavaThread "ForkJoinPool.commonPool-worker-1" daemon [_thread_blocked, id=23456, stack(0x000000b8cf100000,0x000000b8cf200000) (1024K)]
  0x000002799634e410 JavaThread "ForkJoinPool.commonPool-worker-2" daemon [_thread_blocked, id=10320, stack(0x000000b8cf200000,0x000000b8cf300000) (1024K)]
  0x0000027996354680 JavaThread "ForkJoinPool.commonPool-worker-3" daemon [_thread_blocked, id=10156, stack(0x000000b8cf300000,0x000000b8cf400000) (1024K)]
  0x0000027996353960 JavaThread "ForkJoinPool.commonPool-worker-4" daemon [_thread_blocked, id=23440, stack(0x000000b8cf400000,0x000000b8cf500000) (1024K)]
  0x00000279963525b0 JavaThread "ForkJoinPool.commonPool-worker-5" daemon [_thread_blocked, id=17968, stack(0x000000b8cf500000,0x000000b8cf600000) (1024K)]
  0x00000279963532d0 JavaThread "ForkJoinPool.commonPool-worker-6" daemon [_thread_blocked, id=11240, stack(0x000000b8cf600000,0x000000b8cf700000) (1024K)]
  0x0000027996352c40 JavaThread "ForkJoinPool.commonPool-worker-7" daemon [_thread_blocked, id=10100, stack(0x000000b8cf700000,0x000000b8cf800000) (1024K)]
  0x0000027996353ff0 JavaThread "ForkJoinPool.commonPool-worker-8" daemon [_thread_blocked, id=23212, stack(0x000000b8cf800000,0x000000b8cf900000) (1024K)]
  0x000002798e6ba390 JavaThread "Cleaner-0"                  daemon [_thread_blocked, id=18220, stack(0x000000b8cf900000,0x000000b8cfa00000) (1024K)]
  0x000002798e6b8950 JavaThread "LocalFile Deleter"          daemon [_thread_blocked, id=21840, stack(0x000000b8cfa00000,0x000000b8cfb00000) (1024K)]
  0x000002798e6bb0b0 JavaThread "LocalFile Deleter"          daemon [_thread_blocked, id=13080, stack(0x000000b8cfb00000,0x000000b8cfc00000) (1024K)]
  0x000002798e6b82c0 JavaThread "LocalFile Deleter"          daemon [_thread_blocked, id=11992, stack(0x000000b8cfc00000,0x000000b8cfd00000) (1024K)]
  0x000002798e6bc460 JavaThread "LocalFile Deleter"          daemon [_thread_blocked, id=400, stack(0x000000b8cfd00000,0x000000b8cfe00000) (1024K)]
  0x000002798e6bbdd0 JavaThread "LocalFile Deleter"          daemon [_thread_blocked, id=17536, stack(0x000000b8cfe00000,0x000000b8cff00000) (1024K)]
  0x000002798e6b9670 JavaThread "LocalFile Deleter"          daemon [_thread_blocked, id=10040, stack(0x000000b8cff00000,0x000000b8d0000000) (1024K)]
  0x000002798e6bb740 JavaThread "LocalFile Deleter"          daemon [_thread_blocked, id=18848, stack(0x000000b8d0000000,0x000000b8d0100000) (1024K)]
  0x000002798e6b8fe0 JavaThread "LocalFile Deleter"          daemon [_thread_blocked, id=22792, stack(0x000000b8d0100000,0x000000b8d0200000) (1024K)]
  0x000002798e6bcaf0 JavaThread "LocalFile Deleter"          daemon [_thread_blocked, id=10008, stack(0x000000b8d0200000,0x000000b8d0300000) (1024K)]
  0x000002798e6bd180 JavaThread "LocalFile Deleter"          daemon [_thread_blocked, id=8948, stack(0x000000b8d0300000,0x000000b8d0400000) (1024K)]
  0x000002798e6bdea0 JavaThread "LocalFile Deleter"          daemon [_thread_blocked, id=22872, stack(0x000000b8cc400000,0x000000b8cc500000) (1024K)]
  0x000002798e6bd810 JavaThread "LocalFile Deleter"          daemon [_thread_blocked, id=6080, stack(0x000000b8cc700000,0x000000b8cc800000) (1024K)]
  0x000002798e6be530 JavaThread "Compiler Source File Reader" daemon [_thread_blocked, id=2196, stack(0x000000b8d0600000,0x000000b8d0700000) (1024K)]
  0x000002798e6bebc0 JavaThread "Compiler Source File Reader" daemon [_thread_blocked, id=5544, stack(0x000000b8d0700000,0x000000b8d0800000) (1024K)]
  0x000002798e6bf250 JavaThread "Compiler Source File Reader" daemon [_thread_blocked, id=14480, stack(0x000000b8d0800000,0x000000b8d0900000) (1024K)]
  0x000002798e6bf8e0 JavaThread "Compiler Source File Reader" daemon [_thread_blocked, id=6644, stack(0x000000b8d0900000,0x000000b8d0a00000) (1024K)]
  0x00000279a14da2b0 JavaThread "Compiler Source File Reader" daemon [_thread_blocked, id=4172, stack(0x000000b8d0a00000,0x000000b8d0b00000) (1024K)]
  0x00000279a14dbcf0 JavaThread "Compiler Source File Reader" daemon [_thread_blocked, id=4100, stack(0x000000b8d0b00000,0x000000b8d0c00000) (1024K)]
  0x00000279a14dc380 JavaThread "Compiler Source File Reader" daemon [_thread_blocked, id=6728, stack(0x000000b8d0c00000,0x000000b8d0d00000) (1024K)]
  0x00000279a14db660 JavaThread "Compiler Source File Reader" daemon [_thread_blocked, id=3148, stack(0x000000b8d0d00000,0x000000b8d0e00000) (1024K)]
  0x00000279a14dca10 JavaThread "Compiler Source File Reader" daemon [_thread_blocked, id=2112, stack(0x000000b8d0e00000,0x000000b8d0f00000) (1024K)]
  0x00000279a14dd0a0 JavaThread "Compiler Source File Reader" daemon [_thread_blocked, id=23396, stack(0x000000b8d0f00000,0x000000b8d1000000) (1024K)]
  0x00000279a14dd730 JavaThread "Compiler Processing Task"   daemon [_thread_blocked, id=18272, stack(0x000000b8d1000000,0x000000b8d1100000) (1024K)]
  0x00000279a14dddc0 JavaThread "Compiler Class File Writer" daemon [_thread_blocked, id=15584, stack(0x000000b8d1100000,0x000000b8d1200000) (1024K)]
  0x00000279a14da940 JavaThread "Compiler Class File Writer" daemon [_thread_blocked, id=14572, stack(0x000000b8d1200000,0x000000b8d1300000) (1024K)]
  0x00000279a14de450 JavaThread "Compiler Class File Writer" daemon [_thread_blocked, id=23068, stack(0x000000b8d1300000,0x000000b8d1400000) (1024K)]
  0x00000279a14dafd0 JavaThread "Compiler Class File Writer" daemon [_thread_blocked, id=11672, stack(0x000000b8d1400000,0x000000b8d1500000) (1024K)]
  0x00000279a14deae0 JavaThread "Compiler Class File Writer" daemon [_thread_blocked, id=11928, stack(0x000000b8d1500000,0x000000b8d1600000) (1024K)]
  0x00000279a14df170 JavaThread "Compiler Class File Writer" daemon [_thread_blocked, id=20164, stack(0x000000b8d1600000,0x000000b8d1700000) (1024K)]
  0x00000279a14df800 JavaThread "Compiler Class File Writer" daemon [_thread_blocked, id=6136, stack(0x000000b8d1700000,0x000000b8d1800000) (1024K)]
  0x00000279a14dfe90 JavaThread "Compiler Class File Writer" daemon [_thread_blocked, id=4156, stack(0x000000b8d1800000,0x000000b8d1900000) (1024K)]
  0x00000279a14e0520 JavaThread "Compiler Class File Writer" daemon [_thread_blocked, id=6948, stack(0x000000b8d1900000,0x000000b8d1a00000) (1024K)]
  0x00000279a14e1240 JavaThread "Compiler Class File Writer" daemon [_thread_blocked, id=15056, stack(0x000000b8d1a00000,0x000000b8d1b00000) (1024K)]
  0x000002799809c500 JavaThread "Worker-5"                          [_thread_blocked, id=14292, stack(0x000000b8d0400000,0x000000b8d0500000) (1024K)]
  0x000002799809a430 JavaThread "pool-1-thread-2"                   [_thread_blocked, id=16040, stack(0x000000b8cb500000,0x000000b8cb600000) (1024K)]
Total: 85

Other Threads:
  0x00000279359d2c10 VMThread "VM Thread"                           [id=22312, stack(0x000000b8cbb00000,0x000000b8cbc00000) (1024K)]
  0x00000279357bca00 WatcherThread "VM Periodic Task Thread"        [id=7756, stack(0x000000b8cba00000,0x000000b8cbb00000) (1024K)]
  0x0000027935972e10 WorkerThread "GC Thread#0"                     [id=4404, stack(0x000000b8cb900000,0x000000b8cba00000) (1024K)]
  0x0000027994264b60 WorkerThread "GC Thread#1"                     [id=3668, stack(0x000000b8cc800000,0x000000b8cc900000) (1024K)]
  0x000002799425f3b0 WorkerThread "GC Thread#2"                     [id=23164, stack(0x000000b8cc900000,0x000000b8cca00000) (1024K)]
  0x000002799425f760 WorkerThread "GC Thread#3"                     [id=21828, stack(0x000000b8cca00000,0x000000b8ccb00000) (1024K)]
  0x00000279940575b0 WorkerThread "GC Thread#4"                     [id=21540, stack(0x000000b8ccb00000,0x000000b8ccc00000) (1024K)]
  0x0000027994057960 WorkerThread "GC Thread#5"                     [id=10412, stack(0x000000b8ccc00000,0x000000b8ccd00000) (1024K)]
  0x000002798f8e4dd0 WorkerThread "GC Thread#6"                     [id=22168, stack(0x000000b8ccd00000,0x000000b8cce00000) (1024K)]
  0x00000279941fa050 WorkerThread "GC Thread#7"                     [id=3036, stack(0x000000b8cd000000,0x000000b8cd100000) (1024K)]
  0x00000279941f9540 WorkerThread "GC Thread#8"                     [id=13556, stack(0x000000b8cd300000,0x000000b8cd400000) (1024K)]
  0x00000279941f8a30 WorkerThread "GC Thread#9"                     [id=23196, stack(0x000000b8cd400000,0x000000b8cd500000) (1024K)]
Total: 12

Threads with active compile tasks:
C2 CompilerThread0  76352 13872       4       org.eclipse.jdt.internal.compiler.lookup.LookupEnvironment::getAnalysisAnnotationBit (323 bytes)
Total: 1

VM state: not at safepoint (normal execution)

VM Mutex/Monitor currently owned by a thread: None

Heap address: 0x0000000080000000, size: 2048 MB, Compressed Oops mode: 32-bit

CDS archive(s) mapped at: [0x000002794d000000-0x000002794dba0000-0x000002794dba0000), size 12189696, SharedBaseAddress: 0x000002794d000000, ArchiveRelocationMode: 1.
Compressed class space mapped at: 0x000002794e000000-0x000002798e000000, reserved size: 1073741824
Narrow klass base: 0x000002794d000000, Narrow klass shift: 0, Narrow klass range: 0x100000000

GC Precious Log:
 CardTable entry size: 512
 CPUs: 12 total, 12 available
 Memory: 7860M
 Large Page Support: Disabled
 NUMA Support: Disabled
 Compressed Oops: Enabled (32-bit)
 Alignments: Space 512K, Generation 512K, Heap 2M
 Heap Min Capacity: 100M
 Heap Initial Capacity: 100M
 Heap Max Capacity: 2G
 Pre-touch: Disabled
 Parallel Workers: 10

Heap:
 PSYoungGen      total 2560K, used 869K [0x00000000d5580000, 0x00000000d5980000, 0x0000000100000000)
  eden space 2048K, 26% used [0x00000000d5580000,0x00000000d5609520,0x00000000d5780000)
  from space 512K, 62% used [0x00000000d5900000,0x00000000d5950000,0x00000000d5980000)
  to   space 512K, 0% used [0x00000000d5880000,0x00000000d5880000,0x00000000d5900000)
 ParOldGen       total 194048K, used 193660K [0x0000000080000000, 0x000000008bd80000, 0x00000000d5580000)
  object space 194048K, 99% used [0x0000000080000000,0x000000008bd1f320,0x000000008bd80000)
 Metaspace       used 73764K, committed 75328K, reserved 1179648K
  class space    used 7673K, committed 8384K, reserved 1048576K

Card table byte_map: [0x00000279352d0000,0x00000279356e0000] _byte_map_base: 0x0000027934ed0000

Marking Bits: (ParMarkBitMap*) 0x00007ffcb4113450
 Begin Bits: [0x0000027947de0000, 0x0000027949de0000)
 End Bits:   [0x0000027949de0000, 0x000002794bde0000)

Polling page: 0x0000027933770000

Metaspace:

Usage:
  Non-class:     64.54 MB used.
      Class:      7.49 MB used.
       Both:     72.04 MB used.

Virtual space:
  Non-class space:      128.00 MB reserved,      65.38 MB ( 51%) committed,  2 nodes.
      Class space:        1.00 GB reserved,       8.19 MB ( <1%) committed,  1 nodes.
             Both:        1.12 GB reserved,      73.56 MB (  6%) committed. 

Chunk freelists:
   Non-Class:  14.20 MB
       Class:  7.78 MB
        Both:  21.99 MB

MaxMetaspaceSize: unlimited
CompressedClassSpaceSize: 1.00 GB
Initial GC threshold: 21.00 MB
Current GC threshold: 97.31 MB
CDS: on
 - commit_granule_bytes: 65536.
 - commit_granule_words: 8192.
 - virtual_space_node_default_size: 8388608.
 - enlarge_chunks_in_place: 1.
 - use_allocation_guard: 0.


Internal statistics:

num_allocs_failed_limit: 9.
num_arena_births: 1292.
num_arena_deaths: 14.
num_vsnodes_births: 3.
num_vsnodes_deaths: 0.
num_space_committed: 1177.
num_space_uncommitted: 0.
num_chunks_returned_to_freelist: 23.
num_chunks_taken_from_freelist: 4860.
num_chunk_merges: 15.
num_chunk_splits: 2984.
num_chunks_enlarged: 1697.
num_inconsistent_stats: 0.

CodeHeap 'non-profiled nmethods': size=120000Kb used=11671Kb max_used=11671Kb free=108328Kb
 bounds [0x0000027940600000, 0x0000027941170000, 0x0000027947b30000]
CodeHeap 'profiled nmethods': size=120000Kb used=32161Kb max_used=32161Kb free=87838Kb
 bounds [0x0000027938b30000, 0x000002793aaa0000, 0x0000027940060000]
CodeHeap 'non-nmethods': size=5760Kb used=1467Kb max_used=1556Kb free=4292Kb
 bounds [0x0000027940060000, 0x00000279402d0000, 0x0000027940600000]
CodeCache: size=245760Kb, used=45299Kb, max_used=45388Kb, free=200458Kb
 total_blobs=13919, nmethods=13138, adapters=684, full_count=0
Compilation: enabled, stopped_count=0, restarted_count=0

Compilation events (20 events):
Event: 75.867 Thread 0x000002798e489a70 nmethod 13864 0x000002793aa90a10 code [0x000002793aa90bc0, 0x000002793aa90e10]
Event: 75.867 Thread 0x000002798e489a70 13865       3       org.eclipse.jdt.core.dom.TypeBinding::getName (510 bytes)
Event: 75.868 Thread 0x00000279359ed810 13866       4       java.util.stream.MatchOps$1MatchSink::accept (44 bytes)
Event: 75.870 Thread 0x00000279359ed810 nmethod 13866 0x0000027941164890 code [0x0000027941164a20, 0x0000027941164b28]
Event: 75.872 Thread 0x000002798e489a70 nmethod 13865 0x000002793aa90f10 code [0x000002793aa915c0, 0x000002793aa955e0]
Event: 75.872 Thread 0x000002798e489a70 13867       3       org.eclipse.jface.text.AbstractLineTracker::getLineInformation (15 bytes)
Event: 75.873 Thread 0x000002798e489a70 nmethod 13867 0x000002793aa96910 code [0x000002793aa96ae0, 0x000002793aa96ea8]
Event: 75.877 Thread 0x000002798e489a70 13868       3       java.util.AbstractList$RandomAccessSpliterator::tryAdvance (63 bytes)
Event: 75.878 Thread 0x00000279359ed810 13869       4       com.google.gson.internal.bind.TypeAdapterRuntimeTypeWrapper::write (80 bytes)
Event: 75.878 Thread 0x000002798e489a70 nmethod 13868 0x000002793aa97010 code [0x000002793aa97260, 0x000002793aa979b8]
Event: 75.882 Thread 0x00000279359ed810 nmethod 13869 0x0000027941164c10 code [0x0000027941164de0, 0x00000279411650d8]
Event: 76.264 Thread 0x00000279359ed810 13870       4       org.eclipse.core.internal.jobs.JobManager::lifeTimeInMs (19 bytes)
Event: 76.264 Thread 0x00000279359ed810 nmethod 13870 0x0000027941165310 code [0x00000279411654a0, 0x0000027941165570]
Event: 76.265 Thread 0x00000279359ed810 13871       4       org.eclipse.jdt.internal.compiler.util.HashtableOfObjectToInt::get (59 bytes)
Event: 76.268 Thread 0x000002798e489a70 13873       3       org.eclipse.jdt.internal.compiler.parser.diagnose.DiagnoseParser::reportError (47 bytes)
Event: 76.268 Thread 0x00000279359ed810 nmethod 13871 0x0000027941165610 code [0x00000279411657c0, 0x0000027941165ac8]
Event: 76.268 Thread 0x00000279359ed810 13872       4       org.eclipse.jdt.internal.compiler.lookup.LookupEnvironment::getAnalysisAnnotationBit (323 bytes)
Event: 76.268 Thread 0x000002798e489a70 nmethod 13873 0x000002793aa97c90 code [0x000002793aa97e60, 0x000002793aa98080]
Event: 76.270 Thread 0x000002798e489a70 13874       3       org.eclipse.jdt.internal.core.JavaProject::getAllPackageFragmentRoots (13 bytes)
Event: 76.270 Thread 0x000002798e489a70 nmethod 13874 0x000002793aa98190 code [0x000002793aa98340, 0x000002793aa985e8]

GC Heap History (20 events):
Event: 75.612 GC heap before
{Heap before GC invocations=208 (full 3):
 PSYoungGen      total 3072K, used 3072K [0x00000000d5580000, 0x00000000d5d80000, 0x0000000100000000)
  eden space 1024K, 100% used [0x00000000d5580000,0x00000000d5680000,0x00000000d5680000)
  from space 2048K, 100% used [0x00000000d5980000,0x00000000d5b80000,0x00000000d5b80000)
  to   space 3072K, 0% used [0x00000000d5680000,0x00000000d5680000,0x00000000d5980000)
 ParOldGen       total 184320K, used 183814K [0x0000000080000000, 0x000000008b400000, 0x00000000d5580000)
  object space 184320K, 99% used [0x0000000080000000,0x000000008b381840,0x000000008b400000)
 Metaspace       used 73743K, committed 75328K, reserved 1179648K
  class space    used 7673K, committed 8384K, reserved 1048576K
}
Event: 75.616 GC heap after
{Heap after GC invocations=208 (full 3):
 PSYoungGen      total 2560K, used 1088K [0x00000000d5580000, 0x00000000d5b00000, 0x0000000100000000)
  eden space 1024K, 0% used [0x00000000d5580000,0x00000000d5580000,0x00000000d5680000)
  from space 1536K, 70% used [0x00000000d5680000,0x00000000d5790000,0x00000000d5800000)
  to   space 2048K, 0% used [0x00000000d5900000,0x00000000d5900000,0x00000000d5b00000)
 ParOldGen       total 185856K, used 185790K [0x0000000080000000, 0x000000008b580000, 0x00000000d5580000)
  object space 185856K, 99% used [0x0000000080000000,0x000000008b56f840,0x000000008b580000)
 Metaspace       used 73743K, committed 75328K, reserved 1179648K
  class space    used 7673K, committed 8384K, reserved 1048576K
}
Event: 75.626 GC heap before
{Heap before GC invocations=209 (full 3):
 PSYoungGen      total 2560K, used 2112K [0x00000000d5580000, 0x00000000d5b00000, 0x0000000100000000)
  eden space 1024K, 100% used [0x00000000d5580000,0x00000000d5680000,0x00000000d5680000)
  from space 1536K, 70% used [0x00000000d5680000,0x00000000d5790000,0x00000000d5800000)
  to   space 2048K, 0% used [0x00000000d5900000,0x00000000d5900000,0x00000000d5b00000)
 ParOldGen       total 185856K, used 185790K [0x0000000080000000, 0x000000008b580000, 0x00000000d5580000)
  object space 185856K, 99% used [0x0000000080000000,0x000000008b56f840,0x000000008b580000)
 Metaspace       used 73743K, committed 75328K, reserved 1179648K
  class space    used 7673K, committed 8384K, reserved 1048576K
}
Event: 75.630 GC heap after
{Heap after GC invocations=209 (full 3):
 PSYoungGen      total 3072K, used 1076K [0x00000000d5580000, 0x00000000d5a80000, 0x0000000100000000)
  eden space 1536K, 0% used [0x00000000d5580000,0x00000000d5580000,0x00000000d5700000)
  from space 1536K, 70% used [0x00000000d5900000,0x00000000d5a0d200,0x00000000d5a80000)
  to   space 1536K, 0% used [0x00000000d5780000,0x00000000d5780000,0x00000000d5900000)
 ParOldGen       total 186880K, used 186830K [0x0000000080000000, 0x000000008b680000, 0x00000000d5580000)
  object space 186880K, 99% used [0x0000000080000000,0x000000008b673840,0x000000008b680000)
 Metaspace       used 73743K, committed 75328K, reserved 1179648K
  class space    used 7673K, committed 8384K, reserved 1048576K
}
Event: 75.642 GC heap before
{Heap before GC invocations=210 (full 3):
 PSYoungGen      total 3072K, used 2486K [0x00000000d5580000, 0x00000000d5a80000, 0x0000000100000000)
  eden space 1536K, 91% used [0x00000000d5580000,0x00000000d56e0688,0x00000000d5700000)
  from space 1536K, 70% used [0x00000000d5900000,0x00000000d5a0d200,0x00000000d5a80000)
  to   space 1536K, 0% used [0x00000000d5780000,0x00000000d5780000,0x00000000d5900000)
 ParOldGen       total 186880K, used 186830K [0x0000000080000000, 0x000000008b680000, 0x00000000d5580000)
  object space 186880K, 99% used [0x0000000080000000,0x000000008b673840,0x000000008b680000)
 Metaspace       used 73743K, committed 75328K, reserved 1179648K
  class space    used 7673K, committed 8384K, reserved 1048576K
}
Event: 75.645 GC heap after
{Heap after GC invocations=210 (full 3):
 PSYoungGen      total 3584K, used 1156K [0x00000000d5580000, 0x00000000d5a80000, 0x0000000100000000)
  eden space 2048K, 0% used [0x00000000d5580000,0x00000000d5580000,0x00000000d5780000)
  from space 1536K, 75% used [0x00000000d5780000,0x00000000d58a1000,0x00000000d5900000)
  to   space 1536K, 0% used [0x00000000d5900000,0x00000000d5900000,0x00000000d5a80000)
 ParOldGen       total 187904K, used 187758K [0x0000000080000000, 0x000000008b780000, 0x00000000d5580000)
  object space 187904K, 99% used [0x0000000080000000,0x000000008b75b840,0x000000008b780000)
 Metaspace       used 73743K, committed 75328K, reserved 1179648K
  class space    used 7673K, committed 8384K, reserved 1048576K
}
Event: 75.678 GC heap before
{Heap before GC invocations=211 (full 3):
 PSYoungGen      total 3584K, used 3204K [0x00000000d5580000, 0x00000000d5a80000, 0x0000000100000000)
  eden space 2048K, 100% used [0x00000000d5580000,0x00000000d5780000,0x00000000d5780000)
  from space 1536K, 75% used [0x00000000d5780000,0x00000000d58a1000,0x00000000d5900000)
  to   space 1536K, 0% used [0x00000000d5900000,0x00000000d5900000,0x00000000d5a80000)
 ParOldGen       total 187904K, used 187758K [0x0000000080000000, 0x000000008b780000, 0x00000000d5580000)
  object space 187904K, 99% used [0x0000000080000000,0x000000008b75b840,0x000000008b780000)
 Metaspace       used 73743K, committed 75328K, reserved 1179648K
  class space    used 7673K, committed 8384K, reserved 1048576K
}
Event: 75.681 GC heap after
{Heap after GC invocations=211 (full 3):
 PSYoungGen      total 2048K, used 1518K [0x00000000d5580000, 0x00000000d5e00000, 0x0000000100000000)
  eden space 512K, 0% used [0x00000000d5580000,0x00000000d5580000,0x00000000d5600000)
  from space 1536K, 98% used [0x00000000d5900000,0x00000000d5a7bae0,0x00000000d5a80000)
  to   space 3072K, 0% used [0x00000000d5600000,0x00000000d5600000,0x00000000d5900000)
 ParOldGen       total 189440K, used 189014K [0x0000000080000000, 0x000000008b900000, 0x00000000d5580000)
  object space 189440K, 99% used [0x0000000080000000,0x000000008b895840,0x000000008b900000)
 Metaspace       used 73743K, committed 75328K, reserved 1179648K
  class space    used 7673K, committed 8384K, reserved 1048576K
}
Event: 75.683 GC heap before
{Heap before GC invocations=212 (full 3):
 PSYoungGen      total 2048K, used 2030K [0x00000000d5580000, 0x00000000d5e00000, 0x0000000100000000)
  eden space 512K, 100% used [0x00000000d5580000,0x00000000d5600000,0x00000000d5600000)
  from space 1536K, 98% used [0x00000000d5900000,0x00000000d5a7bae0,0x00000000d5a80000)
  to   space 3072K, 0% used [0x00000000d5600000,0x00000000d5600000,0x00000000d5900000)
 ParOldGen       total 189440K, used 189014K [0x0000000080000000, 0x000000008b900000, 0x00000000d5580000)
  object space 189440K, 99% used [0x0000000080000000,0x000000008b895840,0x000000008b900000)
 Metaspace       used 73743K, committed 75328K, reserved 1179648K
  class space    used 7673K, committed 8384K, reserved 1048576K
}
Event: 75.685 GC heap after
{Heap after GC invocations=212 (full 3):
 PSYoungGen      total 1536K, used 640K [0x00000000d5580000, 0x00000000d5980000, 0x0000000100000000)
  eden space 512K, 0% used [0x00000000d5580000,0x00000000d5580000,0x00000000d5600000)
  from space 1024K, 62% used [0x00000000d5600000,0x00000000d56a0000,0x00000000d5700000)
  to   space 1536K, 0% used [0x00000000d5800000,0x00000000d5800000,0x00000000d5980000)
 ParOldGen       total 190976K, used 190508K [0x0000000080000000, 0x000000008ba80000, 0x00000000d5580000)
  object space 190976K, 99% used [0x0000000080000000,0x000000008ba0b320,0x000000008ba80000)
 Metaspace       used 73743K, committed 75328K, reserved 1179648K
  class space    used 7673K, committed 8384K, reserved 1048576K
}
Event: 75.686 GC heap before
{Heap before GC invocations=213 (full 3):
 PSYoungGen      total 1536K, used 1152K [0x00000000d5580000, 0x00000000d5980000, 0x0000000100000000)
  eden space 512K, 100% used [0x00000000d5580000,0x00000000d5600000,0x00000000d5600000)
  from space 1024K, 62% used [0x00000000d5600000,0x00000000d56a0000,0x00000000d5700000)
  to   space 1536K, 0% used [0x00000000d5800000,0x00000000d5800000,0x00000000d5980000)
 ParOldGen       total 190976K, used 190508K [0x0000000080000000, 0x000000008ba80000, 0x00000000d5580000)
  object space 190976K, 99% used [0x0000000080000000,0x000000008ba0b320,0x000000008ba80000)
 Metaspace       used 73743K, committed 75328K, reserved 1179648K
  class space    used 7673K, committed 8384K, reserved 1048576K
}
Event: 75.688 GC heap after
{Heap after GC invocations=213 (full 3):
 PSYoungGen      total 2048K, used 640K [0x00000000d5580000, 0x00000000d5900000, 0x0000000100000000)
  eden space 1024K, 0% used [0x00000000d5580000,0x00000000d5580000,0x00000000d5680000)
  from space 1024K, 62% used [0x00000000d5800000,0x00000000d58a0000,0x00000000d5900000)
  to   space 1024K, 0% used [0x00000000d5700000,0x00000000d5700000,0x00000000d5800000)
 ParOldGen       total 191488K, used 191036K [0x0000000080000000, 0x000000008bb00000, 0x00000000d5580000)
  object space 191488K, 99% used [0x0000000080000000,0x000000008ba8f320,0x000000008bb00000)
 Metaspace       used 73743K, committed 75328K, reserved 1179648K
  class space    used 7673K, committed 8384K, reserved 1048576K
}
Event: 75.691 GC heap before
{Heap before GC invocations=214 (full 3):
 PSYoungGen      total 2048K, used 1663K [0x00000000d5580000, 0x00000000d5900000, 0x0000000100000000)
  eden space 1024K, 99% used [0x00000000d5580000,0x00000000d567fff0,0x00000000d5680000)
  from space 1024K, 62% used [0x00000000d5800000,0x00000000d58a0000,0x00000000d5900000)
  to   space 1024K, 0% used [0x00000000d5700000,0x00000000d5700000,0x00000000d5800000)
 ParOldGen       total 191488K, used 191036K [0x0000000080000000, 0x000000008bb00000, 0x00000000d5580000)
  object space 191488K, 99% used [0x0000000080000000,0x000000008ba8f320,0x000000008bb00000)
 Metaspace       used 73743K, committed 75328K, reserved 1179648K
  class space    used 7673K, committed 8384K, reserved 1048576K
}
Event: 75.694 GC heap after
{Heap after GC invocations=214 (full 3):
 PSYoungGen      total 2560K, used 1024K [0x00000000d5580000, 0x00000000d5b00000, 0x0000000100000000)
  eden space 1536K, 0% used [0x00000000d5580000,0x00000000d5580000,0x00000000d5700000)
  from space 1024K, 100% used [0x00000000d5700000,0x00000000d5800000,0x00000000d5800000)
  to   space 2048K, 0% used [0x00000000d5900000,0x00000000d5900000,0x00000000d5b00000)
 ParOldGen       total 192000K, used 191604K [0x0000000080000000, 0x000000008bb80000, 0x00000000d5580000)
  object space 192000K, 99% used [0x0000000080000000,0x000000008bb1d320,0x000000008bb80000)
 Metaspace       used 73743K, committed 75328K, reserved 1179648K
  class space    used 7673K, committed 8384K, reserved 1048576K
}
Event: 75.724 GC heap before
{Heap before GC invocations=215 (full 3):
 PSYoungGen      total 2560K, used 2559K [0x00000000d5580000, 0x00000000d5b00000, 0x0000000100000000)
  eden space 1536K, 99% used [0x00000000d5580000,0x00000000d56ffff8,0x00000000d5700000)
  from space 1024K, 100% used [0x00000000d5700000,0x00000000d5800000,0x00000000d5800000)
  to   space 2048K, 0% used [0x00000000d5900000,0x00000000d5900000,0x00000000d5b00000)
 ParOldGen       total 192000K, used 191604K [0x0000000080000000, 0x000000008bb80000, 0x00000000d5580000)
  object space 192000K, 99% used [0x0000000080000000,0x000000008bb1d320,0x000000008bb80000)
 Metaspace       used 73743K, committed 75328K, reserved 1179648K
  class space    used 7673K, committed 8384K, reserved 1048576K
}
Event: 75.728 GC heap after
{Heap after GC invocations=215 (full 3):
 PSYoungGen      total 3584K, used 1200K [0x00000000d5580000, 0x00000000d5a80000, 0x0000000100000000)
  eden space 2048K, 0% used [0x00000000d5580000,0x00000000d5580000,0x00000000d5780000)
  from space 1536K, 78% used [0x00000000d5900000,0x00000000d5a2c000,0x00000000d5a80000)
  to   space 1536K, 0% used [0x00000000d5780000,0x00000000d5780000,0x00000000d5900000)
 ParOldGen       total 193024K, used 192596K [0x0000000080000000, 0x000000008bc80000, 0x00000000d5580000)
  object space 193024K, 99% used [0x0000000080000000,0x000000008bc15320,0x000000008bc80000)
 Metaspace       used 73743K, committed 75328K, reserved 1179648K
  class space    used 7673K, committed 8384K, reserved 1048576K
}
Event: 76.244 GC heap before
{Heap before GC invocations=216 (full 3):
 PSYoungGen      total 3584K, used 3247K [0x00000000d5580000, 0x00000000d5a80000, 0x0000000100000000)
  eden space 2048K, 99% used [0x00000000d5580000,0x00000000d577fff0,0x00000000d5780000)
  from space 1536K, 78% used [0x00000000d5900000,0x00000000d5a2c000,0x00000000d5a80000)
  to   space 1536K, 0% used [0x00000000d5780000,0x00000000d5780000,0x00000000d5900000)
 ParOldGen       total 193024K, used 192596K [0x0000000080000000, 0x000000008bc80000, 0x00000000d5580000)
  object space 193024K, 99% used [0x0000000080000000,0x000000008bc15320,0x000000008bc80000)
 Metaspace       used 73749K, committed 75328K, reserved 1179648K
  class space    used 7673K, committed 8384K, reserved 1048576K
}
Event: 76.247 GC heap after
{Heap after GC invocations=216 (full 3):
 PSYoungGen      total 3584K, used 288K [0x00000000d5580000, 0x00000000d5a00000, 0x0000000100000000)
  eden space 2048K, 0% used [0x00000000d5580000,0x00000000d5580000,0x00000000d5780000)
  from space 1536K, 18% used [0x00000000d5780000,0x00000000d57c8000,0x00000000d5900000)
  to   space 1024K, 0% used [0x00000000d5900000,0x00000000d5900000,0x00000000d5a00000)
 ParOldGen       total 194048K, used 193548K [0x0000000080000000, 0x000000008bd80000, 0x00000000d5580000)
  object space 194048K, 99% used [0x0000000080000000,0x000000008bd03320,0x000000008bd80000)
 Metaspace       used 73749K, committed 75328K, reserved 1179648K
  class space    used 7673K, committed 8384K, reserved 1048576K
}
Event: 76.271 GC heap before
{Heap before GC invocations=217 (full 3):
 PSYoungGen      total 3584K, used 2336K [0x00000000d5580000, 0x00000000d5a00000, 0x0000000100000000)
  eden space 2048K, 100% used [0x00000000d5580000,0x00000000d5780000,0x00000000d5780000)
  from space 1536K, 18% used [0x00000000d5780000,0x00000000d57c8000,0x00000000d5900000)
  to   space 1024K, 0% used [0x00000000d5900000,0x00000000d5900000,0x00000000d5a00000)
 ParOldGen       total 194048K, used 193548K [0x0000000080000000, 0x000000008bd80000, 0x00000000d5580000)
  object space 194048K, 99% used [0x0000000080000000,0x000000008bd03320,0x000000008bd80000)
 Metaspace       used 73764K, committed 75328K, reserved 1179648K
  class space    used 7673K, committed 8384K, reserved 1048576K
}
Event: 76.273 GC heap after
{Heap after GC invocations=217 (full 3):
 PSYoungGen      total 2560K, used 320K [0x00000000d5580000, 0x00000000d5980000, 0x0000000100000000)
  eden space 2048K, 0% used [0x00000000d5580000,0x00000000d5580000,0x00000000d5780000)
  from space 512K, 62% used [0x00000000d5900000,0x00000000d5950000,0x00000000d5980000)
  to   space 512K, 0% used [0x00000000d5880000,0x00000000d5880000,0x00000000d5900000)
 ParOldGen       total 194048K, used 193660K [0x0000000080000000, 0x000000008bd80000, 0x00000000d5580000)
  object space 194048K, 99% used [0x0000000080000000,0x000000008bd1f320,0x000000008bd80000)
 Metaspace       used 73764K, committed 75328K, reserved 1179648K
  class space    used 7673K, committed 8384K, reserved 1048576K
}

Dll operation events (10 events):
Event: 0.020 Loaded shared library c:\Users\anshu\.vscode\extensions\redhat.java-1.53.0-win32-x64\jre\21.0.10-win32-x86_64\bin\java.dll
Event: 0.116 Loaded shared library c:\Users\anshu\.vscode\extensions\redhat.java-1.53.0-win32-x64\jre\21.0.10-win32-x86_64\bin\zip.dll
Event: 0.141 Loaded shared library C:\Users\anshu\.vscode\extensions\redhat.java-1.53.0-win32-x64\jre\21.0.10-win32-x86_64\bin\instrument.dll
Event: 0.150 Loaded shared library C:\Users\anshu\.vscode\extensions\redhat.java-1.53.0-win32-x64\jre\21.0.10-win32-x86_64\bin\net.dll
Event: 0.153 Loaded shared library C:\Users\anshu\.vscode\extensions\redhat.java-1.53.0-win32-x64\jre\21.0.10-win32-x86_64\bin\nio.dll
Event: 0.158 Loaded shared library C:\Users\anshu\.vscode\extensions\redhat.java-1.53.0-win32-x64\jre\21.0.10-win32-x86_64\bin\zip.dll
Event: 0.182 Loaded shared library C:\Users\anshu\.vscode\extensions\redhat.java-1.53.0-win32-x64\jre\21.0.10-win32-x86_64\bin\jimage.dll
Event: 0.318 Loaded shared library c:\Users\anshu\.vscode\extensions\redhat.java-1.53.0-win32-x64\jre\21.0.10-win32-x86_64\bin\verify.dll
Event: 1.539 Loaded shared library C:\Users\anshu\AppData\Roaming\Code\User\globalStorage\redhat.java\1.53.0\config_win\org.eclipse.equinox.launcher\org.eclipse.equinox.launcher.win32.win32.x86_64_1.3.0.v20260203-2149\eclipse_11919.dll
Event: 2.985 Loaded shared library C:\Users\anshu\AppData\Local\Temp\jna-92972403\jna10609584667066050646.dll

Deoptimization events (20 events):
Event: 73.575 Thread 0x0000027996353960 Uncommon trap: trap_request=0xffffffe4 fr.pc=0x00000279410a7c2c relative=0x0000000000000eec
Event: 73.575 Thread 0x0000027996353960 Uncommon trap: reason=range_check action=make_not_entrant pc=0x00000279410a7c2c method=org.eclipse.jdt.internal.compiler.parser.Scanner.getNextChar(C)Z @ 39 c2
Event: 73.575 Thread 0x0000027996353960 DEOPT PACKING pc=0x00000279410a7c2c sp=0x000000b8cf4fe9e0
Event: 73.575 Thread 0x0000027996353960 DEOPT UNPACKING pc=0x00000279400b3aa2 sp=0x000000b8cf4fe770 mode 2
Event: 73.575 Thread 0x0000027996353960 Uncommon trap: trap_request=0xffffffe4 fr.pc=0x0000027940f9215c relative=0x00000000000000bc
Event: 73.575 Thread 0x0000027996353960 Uncommon trap: reason=range_check action=make_not_entrant pc=0x0000027940f9215c method=org.eclipse.jdt.internal.compiler.parser.Scanner.getNextChar(C)Z @ 39 c2
Event: 73.575 Thread 0x0000027996353960 DEOPT PACKING pc=0x0000027940f9215c sp=0x000000b8cf4fe950
Event: 73.575 Thread 0x0000027996353960 DEOPT UNPACKING pc=0x00000279400b3aa2 sp=0x000000b8cf4fe8e0 mode 2
Event: 74.705 Thread 0x0000027996354680 Uncommon trap: trap_request=0xffffffe6 fr.pc=0x000002794115a158 relative=0x0000000000000f38
Event: 74.705 Thread 0x0000027996354680 Uncommon trap: reason=range_check action=maybe_recompile pc=0x000002794115a158 method=org.eclipse.jdt.internal.compiler.parser.Scanner.getNextCharAsDigit(I)Z @ 34 c2
Event: 74.705 Thread 0x0000027996354680 DEOPT PACKING pc=0x000002794115a158 sp=0x000000b8cf3fe500
Event: 74.705 Thread 0x0000027996354680 DEOPT UNPACKING pc=0x00000279400b3aa2 sp=0x000000b8cf3fe290 mode 2
Event: 74.705 Thread 0x0000027996354680 Uncommon trap: trap_request=0xffffffe6 fr.pc=0x000002794115a158 relative=0x0000000000000f38
Event: 74.705 Thread 0x0000027996354680 Uncommon trap: reason=range_check action=maybe_recompile pc=0x000002794115a158 method=org.eclipse.jdt.internal.compiler.parser.Scanner.getNextCharAsDigit(I)Z @ 34 c2
Event: 74.705 Thread 0x0000027996354680 DEOPT PACKING pc=0x000002794115a158 sp=0x000000b8cf3fe500
Event: 74.705 Thread 0x0000027996354680 DEOPT UNPACKING pc=0x00000279400b3aa2 sp=0x000000b8cf3fe290 mode 2
Event: 75.867 Thread 0x0000027996354680 Uncommon trap: trap_request=0xffffffe6 fr.pc=0x000002794115a158 relative=0x0000000000000f38
Event: 75.867 Thread 0x0000027996354680 Uncommon trap: reason=range_check action=maybe_recompile pc=0x000002794115a158 method=org.eclipse.jdt.internal.compiler.parser.Scanner.getNextCharAsDigit(I)Z @ 34 c2
Event: 75.867 Thread 0x0000027996354680 DEOPT PACKING pc=0x000002794115a158 sp=0x000000b8cf3fe500
Event: 75.867 Thread 0x0000027996354680 DEOPT UNPACKING pc=0x00000279400b3aa2 sp=0x000000b8cf3fe290 mode 2

Classes loaded (20 events):
Event: 22.698 Loading class java/util/concurrent/CompletionException
Event: 22.698 Loading class java/util/concurrent/CompletionException done
Event: 22.783 Loading class java/util/ArrayDeque$DeqSpliterator
Event: 22.784 Loading class java/util/ArrayDeque$DeqSpliterator done
Event: 23.250 Loading class java/lang/Throwable$WrappedPrintWriter
Event: 23.250 Loading class java/lang/Throwable$PrintStreamOrWriter
Event: 23.250 Loading class java/lang/Throwable$PrintStreamOrWriter done
Event: 23.250 Loading class java/lang/Throwable$WrappedPrintWriter done
Event: 31.484 Loading class sun/nio/cs/ISO_8859_1$Encoder
Event: 31.485 Loading class sun/nio/cs/ISO_8859_1$Encoder done
Event: 31.485 Loading class sun/nio/cs/Surrogate$Parser
Event: 31.485 Loading class sun/nio/cs/Surrogate$Parser done
Event: 31.485 Loading class sun/nio/cs/Surrogate
Event: 31.485 Loading class sun/nio/cs/Surrogate done
Event: 32.640 Loading class java/lang/StringLatin1$CharsSpliterator
Event: 32.640 Loading class java/lang/StringLatin1$CharsSpliterator done
Event: 58.833 Loading class java/util/function/IntPredicate
Event: 58.833 Loading class java/util/function/IntPredicate done
Event: 58.854 Loading class java/util/regex/Pattern$Bound
Event: 58.854 Loading class java/util/regex/Pattern$Bound done

Classes unloaded (7 events):
Event: 3.514 Thread 0x00000279359d2c10 Unloading class 0x000002794e1a9400 'java/lang/invoke/LambdaForm$MH+0x000002794e1a9400'
Event: 3.514 Thread 0x00000279359d2c10 Unloading class 0x000002794e1a9000 'java/lang/invoke/LambdaForm$MH+0x000002794e1a9000'
Event: 3.514 Thread 0x00000279359d2c10 Unloading class 0x000002794e1a8c00 'java/lang/invoke/LambdaForm$MH+0x000002794e1a8c00'
Event: 3.514 Thread 0x00000279359d2c10 Unloading class 0x000002794e1a8800 'java/lang/invoke/LambdaForm$MH+0x000002794e1a8800'
Event: 3.514 Thread 0x00000279359d2c10 Unloading class 0x000002794e1a8400 'java/lang/invoke/LambdaForm$BMH+0x000002794e1a8400'
Event: 3.514 Thread 0x00000279359d2c10 Unloading class 0x000002794e1a8000 'java/lang/invoke/LambdaForm$DMH+0x000002794e1a8000'
Event: 3.514 Thread 0x00000279359d2c10 Unloading class 0x000002794e1a6c00 'java/lang/invoke/LambdaForm$DMH+0x000002794e1a6c00'

Classes redefined (0 events):
No events

Internal exceptions (20 events):
Event: 74.264 Thread 0x00000279963525b0 Exception <a 'java/lang/ArrayIndexOutOfBoundsException'{0x00000000d55c2048}> (0x00000000d55c2048) 
thrown [s\src\hotspot\share\runtime\sharedRuntime.cpp, line 625]
Event: 74.264 Thread 0x00000279963525b0 Exception <a 'java/lang/ArrayIndexOutOfBoundsException'{0x00000000d55c26f8}> (0x00000000d55c26f8) 
thrown [s\src\hotspot\share\runtime\sharedRuntime.cpp, line 625]
Event: 74.264 Thread 0x00000279963525b0 Exception <a 'java/lang/ArrayIndexOutOfBoundsException'{0x00000000d55c2a20}> (0x00000000d55c2a20) 
thrown [s\src\hotspot\share\runtime\sharedRuntime.cpp, line 625]
Event: 74.264 Thread 0x00000279963525b0 Exception <a 'java/lang/ArrayIndexOutOfBoundsException'{0x00000000d55c2d48}> (0x00000000d55c2d48) 
thrown [s\src\hotspot\share\runtime\sharedRuntime.cpp, line 625]
Event: 74.264 Thread 0x00000279963525b0 Exception <a 'java/lang/ArrayIndexOutOfBoundsException'{0x00000000d55c3070}> (0x00000000d55c3070) 
thrown [s\src\hotspot\share\runtime\sharedRuntime.cpp, line 625]
Event: 74.705 Thread 0x0000027996354680 Exception <a 'java/lang/ArrayIndexOutOfBoundsException'{0x00000000d5676de0}> (0x00000000d5676de0) 
thrown [s\src\hotspot\share\runtime\sharedRuntime.cpp, line 625]
Event: 74.705 Thread 0x0000027996354680 Exception <a 'java/lang/ArrayIndexOutOfBoundsException'{0x00000000d5676ed8}: Index 1 out of bounds for length 1> (0x00000000d5676ed8) 
thrown [s\src\hotspot\share\interpreter\interpreterRuntime.cpp, line 439]
Event: 74.705 Thread 0x0000027996354680 Exception <a 'java/lang/ArrayIndexOutOfBoundsException'{0x00000000d5677680}> (0x00000000d5677680) 
thrown [s\src\hotspot\share\runtime\sharedRuntime.cpp, line 625]
Event: 74.705 Thread 0x0000027996354680 Exception <a 'java/lang/ArrayIndexOutOfBoundsException'{0x00000000d5677d30}> (0x00000000d5677d30) 
thrown [s\src\hotspot\share\runtime\sharedRuntime.cpp, line 625]
Event: 74.705 Thread 0x0000027996354680 Exception <a 'java/lang/ArrayIndexOutOfBoundsException'{0x00000000d5678058}: Index 1 out of bounds for length 1> (0x00000000d5678058) 
thrown [s\src\hotspot\share\interpreter\interpreterRuntime.cpp, line 439]
Event: 74.705 Thread 0x0000027996354680 Exception <a 'java/lang/ArrayIndexOutOfBoundsException'{0x00000000d5678270}> (0x00000000d5678270) 
thrown [s\src\hotspot\share\runtime\sharedRuntime.cpp, line 625]
Event: 75.591 Thread 0x000002799468fa90 Exception <a 'sun/nio/fs/WindowsException'{0x00000000d55f8e98}> (0x00000000d55f8e98) 
thrown [s\src\hotspot\share\prims\jni.cpp, line 520]
Event: 75.733 Thread 0x000002799468fa90 Exception <a 'sun/nio/fs/WindowsException'{0x00000000d55c0750}> (0x00000000d55c0750) 
thrown [s\src\hotspot\share\prims\jni.cpp, line 520]
Event: 75.867 Thread 0x0000027996354680 Exception <a 'java/lang/ArrayIndexOutOfBoundsException'{0x00000000d574c6e0}> (0x00000000d574c6e0) 
thrown [s\src\hotspot\share\runtime\sharedRuntime.cpp, line 625]
Event: 75.867 Thread 0x0000027996354680 Exception <a 'java/lang/ArrayIndexOutOfBoundsException'{0x00000000d574ca08}: Index 1 out of bounds for length 1> (0x00000000d574ca08) 
thrown [s\src\hotspot\share\interpreter\interpreterRuntime.cpp, line 439]
Event: 75.867 Thread 0x0000027996354680 Exception <a 'java/lang/ArrayIndexOutOfBoundsException'{0x00000000d574cf70}> (0x00000000d574cf70) 
thrown [s\src\hotspot\share\runtime\sharedRuntime.cpp, line 625]
Event: 75.867 Thread 0x0000027996354680 Exception <a 'java/lang/ArrayIndexOutOfBoundsException'{0x00000000d574d620}> (0x00000000d574d620) 
thrown [s\src\hotspot\share\runtime\sharedRuntime.cpp, line 625]
Event: 75.867 Thread 0x0000027996354680 Exception <a 'java/lang/ArrayIndexOutOfBoundsException'{0x00000000d574d948}> (0x00000000d574d948) 
thrown [s\src\hotspot\share\runtime\sharedRuntime.cpp, line 625]
Event: 75.867 Thread 0x0000027996354680 Exception <a 'java/lang/ArrayIndexOutOfBoundsException'{0x00000000d574dec0}> (0x00000000d574dec0) 
thrown [s\src\hotspot\share\runtime\sharedRuntime.cpp, line 625]
Event: 75.867 Thread 0x0000027996354680 Exception <a 'java/lang/ArrayIndexOutOfBoundsException'{0x00000000d574e1e8}> (0x00000000d574e1e8) 
thrown [s\src\hotspot\share\runtime\sharedRuntime.cpp, line 625]

ZGC Phase Switch (0 events):
No events

VM Operations (20 events):
Event: 75.612 Executing safepoint VM operation: ParallelGCFailedAllocation (Allocation Failure)
Event: 75.616 Executing safepoint VM operation: ParallelGCFailedAllocation (Allocation Failure) done
Event: 75.626 Executing safepoint VM operation: ParallelGCFailedAllocation (Allocation Failure)
Event: 75.630 Executing safepoint VM operation: ParallelGCFailedAllocation (Allocation Failure) done
Event: 75.642 Executing safepoint VM operation: ParallelGCFailedAllocation (Allocation Failure)
Event: 75.645 Executing safepoint VM operation: ParallelGCFailedAllocation (Allocation Failure) done
Event: 75.678 Executing safepoint VM operation: ParallelGCFailedAllocation (Allocation Failure)
Event: 75.681 Executing safepoint VM operation: ParallelGCFailedAllocation (Allocation Failure) done
Event: 75.683 Executing safepoint VM operation: ParallelGCFailedAllocation (Allocation Failure)
Event: 75.685 Executing safepoint VM operation: ParallelGCFailedAllocation (Allocation Failure) done
Event: 75.686 Executing safepoint VM operation: ParallelGCFailedAllocation (Allocation Failure)
Event: 75.688 Executing safepoint VM operation: ParallelGCFailedAllocation (Allocation Failure) done
Event: 75.691 Executing safepoint VM operation: ParallelGCFailedAllocation (Allocation Failure)
Event: 75.694 Executing safepoint VM operation: ParallelGCFailedAllocation (Allocation Failure) done
Event: 75.724 Executing safepoint VM operation: ParallelGCFailedAllocation (Allocation Failure)
Event: 75.728 Executing safepoint VM operation: ParallelGCFailedAllocation (Allocation Failure) done
Event: 76.244 Executing safepoint VM operation: ParallelGCFailedAllocation (Allocation Failure)
Event: 76.247 Executing safepoint VM operation: ParallelGCFailedAllocation (Allocation Failure) done
Event: 76.271 Executing safepoint VM operation: ParallelGCFailedAllocation (Allocation Failure)
Event: 76.273 Executing safepoint VM operation: ParallelGCFailedAllocation (Allocation Failure) done

Memory protections (0 events):
No events

Nmethod flushes (20 events):
Event: 8.606 Thread 0x00000279359d2c10 flushing osr nmethod 0x00000279392b9790
Event: 8.606 Thread 0x00000279359d2c10 flushing  nmethod 0x0000027939316790
Event: 8.606 Thread 0x00000279359d2c10 flushing  nmethod 0x0000027939342490
Event: 8.606 Thread 0x00000279359d2c10 flushing  nmethod 0x0000027939346510
Event: 8.606 Thread 0x00000279359d2c10 flushing  nmethod 0x0000027939349210
Event: 8.606 Thread 0x00000279359d2c10 flushing  nmethod 0x000002793936ae10
Event: 8.606 Thread 0x00000279359d2c10 flushing  nmethod 0x000002793936c710
Event: 8.606 Thread 0x00000279359d2c10 flushing  nmethod 0x000002793936cd10
Event: 8.606 Thread 0x00000279359d2c10 flushing  nmethod 0x0000027939370a90
Event: 8.606 Thread 0x00000279359d2c10 flushing  nmethod 0x0000027939371190
Event: 8.606 Thread 0x00000279359d2c10 flushing  nmethod 0x0000027939371910
Event: 8.606 Thread 0x00000279359d2c10 flushing  nmethod 0x0000027939376590
Event: 8.606 Thread 0x00000279359d2c10 flushing  nmethod 0x000002793937c310
Event: 8.606 Thread 0x00000279359d2c10 flushing  nmethod 0x0000027939397410
Event: 8.606 Thread 0x00000279359d2c10 flushing  nmethod 0x00000279393abe90
Event: 8.606 Thread 0x00000279359d2c10 flushing  nmethod 0x00000279393b9010
Event: 8.606 Thread 0x00000279359d2c10 flushing  nmethod 0x0000027939400490
Event: 8.606 Thread 0x00000279359d2c10 flushing  nmethod 0x0000027939401890
Event: 8.606 Thread 0x00000279359d2c10 flushing  nmethod 0x0000027939408490
Event: 8.606 Thread 0x00000279359d2c10 flushing  nmethod 0x000002793940b810

Events (20 events):
Event: 58.284 Thread 0x000002798e489a70 Thread added: 0x00000279968d5ea0
Event: 58.473 Thread 0x00000279968d5ea0 Thread exited: 0x00000279968d5ea0
Event: 58.475 Thread 0x00000279968d57d0 Thread exited: 0x00000279968d57d0
Event: 58.696 Thread 0x000002799634d060 Thread added: 0x000002799809a430
Event: 58.715 Thread 0x000002798e489a70 Thread added: 0x00000279968d57d0
Event: 59.829 Thread 0x00000279968d57d0 Thread exited: 0x00000279968d57d0
Event: 61.054 Thread 0x000002798e489a70 Thread added: 0x00000279968d57d0
Event: 61.225 Thread 0x000002798e489a70 Thread added: 0x00000279968d5ea0
Event: 62.013 Thread 0x00000279968d5ea0 Thread exited: 0x00000279968d5ea0
Event: 62.013 Thread 0x00000279968d57d0 Thread exited: 0x00000279968d57d0
Event: 65.013 Thread 0x000002798e489a70 Thread added: 0x00000279968d57d0
Event: 65.210 Thread 0x00000279968d57d0 Thread exited: 0x00000279968d57d0
Event: 65.924 Thread 0x000002798e489a70 Thread added: 0x00000279968d57d0
Event: 66.200 Thread 0x00000279968d57d0 Thread exited: 0x00000279968d57d0
Event: 72.391 Thread 0x000002798e489a70 Thread added: 0x00000279968d57d0
Event: 72.625 Thread 0x00000279968d57d0 Thread exited: 0x00000279968d57d0
Event: 72.874 Thread 0x000002798e489a70 Thread added: 0x00000279968d57d0
Event: 73.404 Thread 0x00000279968d57d0 Thread exited: 0x00000279968d57d0
Event: 73.568 Thread 0x000002798e489a70 Thread added: 0x00000279968d57d0
Event: 73.818 Thread 0x00000279968d57d0 Thread exited: 0x00000279968d57d0


Dynamic libraries:
0x00007ff692d80000 - 0x00007ff692d8e000 	c:\Users\anshu\.vscode\extensions\redhat.java-1.53.0-win32-x64\jre\21.0.10-win32-x86_64\bin\java.exe
0x00007ffd8dea0000 - 0x00007ffd8e108000 	C:\WINDOWS\SYSTEM32\ntdll.dll
0x00007ffd8d8b0000 - 0x00007ffd8d979000 	C:\WINDOWS\System32\KERNEL32.DLL
0x00007ffd8b620000 - 0x00007ffd8ba0d000 	C:\WINDOWS\System32\KERNELBASE.dll
0x00007ffd8aff0000 - 0x00007ffd8b13b000 	C:\WINDOWS\System32\ucrtbase.dll
0x00007ffd3e220000 - 0x00007ffd3e238000 	c:\Users\anshu\.vscode\extensions\redhat.java-1.53.0-win32-x64\jre\21.0.10-win32-x86_64\bin\jli.dll
0x00007ffd8cd20000 - 0x00007ffd8ceec000 	C:\WINDOWS\System32\USER32.dll
0x00007ffd8bad0000 - 0x00007ffd8baf7000 	C:\WINDOWS\System32\win32u.dll
0x00007ffd8c560000 - 0x00007ffd8c58b000 	C:\WINDOWS\System32\GDI32.dll
0x00007ffd8b2c0000 - 0x00007ffd8b3f7000 	C:\WINDOWS\System32\gdi32full.dll
0x00007ffd8bb00000 - 0x00007ffd8bba3000 	C:\WINDOWS\System32\msvcp_win.dll
0x00007ffd6cdd0000 - 0x00007ffd6d06a000 	C:\WINDOWS\WinSxS\amd64_microsoft.windows.common-controls_6595b64144ccf1df_6.0.26100.4484_none_3e0e6d4ce32ef3b3\COMCTL32.dll
0x00007ffd3e050000 - 0x00007ffd3e06e000 	c:\Users\anshu\.vscode\extensions\redhat.java-1.53.0-win32-x64\jre\21.0.10-win32-x86_64\bin\VCRUNTIME140.dll
0x00007ffd8d750000 - 0x00007ffd8d7f9000 	C:\WINDOWS\System32\msvcrt.dll
0x00007ffd8d640000 - 0x00007ffd8d66f000 	C:\WINDOWS\System32\IMM32.DLL
0x0000000064400000 - 0x000000006440c000 	C:\Program Files (x86)\360\Total Security\safemon\SafeWrapper.dll
0x00007ffd8dc20000 - 0x00007ffd8dcd4000 	C:\WINDOWS\System32\ADVAPI32.dll
0x00007ffd8db60000 - 0x00007ffd8dc06000 	C:\WINDOWS\System32\sechost.dll
0x00007ffd8c140000 - 0x00007ffd8c258000 	C:\WINDOWS\System32\RPCRT4.dll
0x00007ffd1af90000 - 0x00007ffd1b03c000 	C:\Program Files (x86)\360\Total Security\safemon\libzdtp64.dll
0x00007ffd8c5a0000 - 0x00007ffd8ccea000 	C:\WINDOWS\System32\SHELL32.dll
0x00007ffd8b140000 - 0x00007ffd8b2b4000 	C:\WINDOWS\System32\wintypes.dll
0x00007ffd8bcc0000 - 0x00007ffd8c046000 	C:\WINDOWS\System32\combase.dll
0x00007ffd8d690000 - 0x00007ffd8d6fa000 	C:\WINDOWS\System32\SHLWAPI.dll
0x00007ffd8aad0000 - 0x00007ffd8aadb000 	C:\WINDOWS\SYSTEM32\VERSION.dll
0x00007ffd44520000 - 0x00007ffd4452c000 	c:\Users\anshu\.vscode\extensions\redhat.java-1.53.0-win32-x64\jre\21.0.10-win32-x86_64\bin\vcruntime140_1.dll
0x00007ffcf8410000 - 0x00007ffcf849d000 	c:\Users\anshu\.vscode\extensions\redhat.java-1.53.0-win32-x64\jre\21.0.10-win32-x86_64\bin\msvcp140.dll
0x00007ffcb3450000 - 0x00007ffcb41f1000 	c:\Users\anshu\.vscode\extensions\redhat.java-1.53.0-win32-x64\jre\21.0.10-win32-x86_64\bin\server\jvm.dll
0x00007ffd8dde0000 - 0x00007ffd8de54000 	C:\WINDOWS\System32\WS2_32.dll
0x00007ffd8ae40000 - 0x00007ffd8ae9e000 	C:\WINDOWS\SYSTEM32\POWRPROF.dll
0x00007ffd80110000 - 0x00007ffd80145000 	C:\WINDOWS\SYSTEM32\WINMM.dll
0x00007ffd8ae20000 - 0x00007ffd8ae34000 	C:\WINDOWS\SYSTEM32\UMPDC.dll
0x00007ffd89d20000 - 0x00007ffd89d3b000 	C:\WINDOWS\SYSTEM32\kernel.appcore.dll
0x00007ffd42770000 - 0x00007ffd4277a000 	c:\Users\anshu\.vscode\extensions\redhat.java-1.53.0-win32-x64\jre\21.0.10-win32-x86_64\bin\jimage.dll
0x00007ffd88400000 - 0x00007ffd88641000 	C:\WINDOWS\SYSTEM32\DBGHELP.DLL
0x00007ffd8c050000 - 0x00007ffd8c130000 	C:\WINDOWS\System32\OLEAUT32.dll
0x00007ffd64320000 - 0x00007ffd64363000 	C:\WINDOWS\SYSTEM32\dbgcore.DLL
0x00007ffd8b400000 - 0x00007ffd8b499000 	C:\WINDOWS\System32\bcryptPrimitives.dll
0x00007ffd3ee70000 - 0x00007ffd3ee7f000 	c:\Users\anshu\.vscode\extensions\redhat.java-1.53.0-win32-x64\jre\21.0.10-win32-x86_64\bin\instrument.dll
0x00007ffd29050000 - 0x00007ffd29070000 	c:\Users\anshu\.vscode\extensions\redhat.java-1.53.0-win32-x64\jre\21.0.10-win32-x86_64\bin\java.dll
0x00007ffd88bc0000 - 0x00007ffd8941b000 	C:\WINDOWS\SYSTEM32\windows.storage.dll
0x00007ffd8dce0000 - 0x00007ffd8ddd5000 	C:\WINDOWS\System32\SHCORE.dll
0x00007ffd8af00000 - 0x00007ffd8af2f000 	C:\WINDOWS\SYSTEM32\profapi.dll
0x00007ffd1a290000 - 0x00007ffd1a2a8000 	c:\Users\anshu\.vscode\extensions\redhat.java-1.53.0-win32-x64\jre\21.0.10-win32-x86_64\bin\zip.dll
0x00007ffd3ed40000 - 0x00007ffd3ed50000 	C:\Users\anshu\.vscode\extensions\redhat.java-1.53.0-win32-x64\jre\21.0.10-win32-x86_64\bin\net.dll
0x00007ffd7aed0000 - 0x00007ffd7afee000 	C:\WINDOWS\SYSTEM32\WINHTTP.dll
0x00007ffd8a2b0000 - 0x00007ffd8a31a000 	C:\WINDOWS\system32\mswsock.dll
0x00007ffcfa690000 - 0x00007ffcfa6a6000 	C:\Users\anshu\.vscode\extensions\redhat.java-1.53.0-win32-x64\jre\21.0.10-win32-x86_64\bin\nio.dll
0x00007ffd3e040000 - 0x00007ffd3e050000 	c:\Users\anshu\.vscode\extensions\redhat.java-1.53.0-win32-x64\jre\21.0.10-win32-x86_64\bin\verify.dll
0x00007ffcf8dd0000 - 0x00007ffcf8e15000 	C:\Users\anshu\AppData\Roaming\Code\User\globalStorage\redhat.java\1.53.0\config_win\org.eclipse.equinox.launcher\org.eclipse.equinox.launcher.win32.win32.x86_64_1.3.0.v20260203-2149\eclipse_11919.dll
0x00007ffd8cef0000 - 0x00007ffd8d08e000 	C:\WINDOWS\System32\ole32.dll
0x00007ffd8a560000 - 0x00007ffd8a57b000 	C:\WINDOWS\SYSTEM32\CRYPTSP.dll
0x00007ffd89c80000 - 0x00007ffd89cbb000 	C:\WINDOWS\system32\rsaenh.dll
0x00007ffd8a350000 - 0x00007ffd8a37b000 	C:\WINDOWS\SYSTEM32\USERENV.dll
0x00007ffd8aed0000 - 0x00007ffd8aef6000 	C:\WINDOWS\SYSTEM32\bcrypt.dll
0x00007ffd8a580000 - 0x00007ffd8a58c000 	C:\WINDOWS\SYSTEM32\CRYPTBASE.dll
0x00007ffd89780000 - 0x00007ffd897b3000 	C:\WINDOWS\SYSTEM32\IPHLPAPI.DLL
0x00007ffd8cd10000 - 0x00007ffd8cd1a000 	C:\WINDOWS\System32\NSI.dll
0x00007ffcb0110000 - 0x00007ffcb0159000 	C:\Users\anshu\AppData\Local\Temp\jna-92972403\jna10609584667066050646.dll
0x00007ffd8dc10000 - 0x00007ffd8dc18000 	C:\WINDOWS\System32\PSAPI.DLL
0x00007ffd7b1c0000 - 0x00007ffd7b1df000 	C:\WINDOWS\SYSTEM32\dhcpcsvc6.DLL
0x00007ffd7b190000 - 0x00007ffd7b1b5000 	C:\WINDOWS\SYSTEM32\dhcpcsvc.DLL

JVMTI agents:
c:\Users\anshu\.vscode\extensions\redhat.java-1.53.0-win32-x64\lombok\lombok-1.18.39-4050.jar path:c:\Users\anshu\.vscode\extensions\redhat.java-1.53.0-win32-x64\jre\21.0.10-win32-x86_64\bin\instrument.dll, loaded, initialized, instrumentlib options:none

dbghelp: loaded successfully - version: 4.0.5 - missing functions: none
symbol engine: initialized successfully - sym options: 0x614 - pdb path: .;c:\Users\anshu\.vscode\extensions\redhat.java-1.53.0-win32-x64\jre\21.0.10-win32-x86_64\bin;C:\WINDOWS\SYSTEM32;C:\WINDOWS\WinSxS\amd64_microsoft.windows.common-controls_6595b64144ccf1df_6.0.26100.4484_none_3e0e6d4ce32ef3b3;C:\Program Files (x86)\360\Total Security\safemon;c:\Users\anshu\.vscode\extensions\redhat.java-1.53.0-win32-x64\jre\21.0.10-win32-x86_64\bin\server;C:\Users\anshu\AppData\Roaming\Code\User\globalStorage\redhat.java\1.53.0\config_win\org.eclipse.equinox.launcher\org.eclipse.equinox.launcher.win32.win32.x86_64_1.3.0.v20260203-2149;C:\Users\anshu\AppData\Local\Temp\jna-92972403

VM Arguments:
jvm_args: --add-modules=ALL-SYSTEM --add-opens=java.base/java.util=ALL-UNNAMED --add-opens=java.base/java.lang=ALL-UNNAMED --add-opens=java.base/sun.nio.fs=ALL-UNNAMED -Declipse.application=org.eclipse.jdt.ls.core.id1 -Dosgi.bundles.defaultStartLevel=4 -Declipse.product=org.eclipse.jdt.ls.core.product -Djava.import.generatesMetadataFilesAtProjectRoot=false -DDetectVMInstallationsJob.disabled=true -Dfile.encoding=utf8 -XX:+UseParallelGC -XX:GCTimeRatio=4 -XX:AdaptiveSizePolicyWeight=90 -Dsun.zip.disableMemoryMapping=true -Xmx2G -Xms100m -Xlog:disable -javaagent:c:\Users\anshu\.vscode\extensions\redhat.java-1.53.0-win32-x64\lombok\lombok-1.18.39-4050.jar -XX:+HeapDumpOnOutOfMemoryError -XX:HeapDumpPath=c:\Users\anshu\AppData\Roaming\Code\User\workspaceStorage\96783c51abcd23fa3d8c1bf67ed6debc\redhat.java -Daether.dependencyCollector.impl=bf 
java_command: c:\Users\anshu\.vscode\extensions\redhat.java-1.53.0-win32-x64\server\plugins\org.eclipse.equinox.launcher_1.7.100.v20251111-0406.jar -configuration c:\Users\anshu\AppData\Roaming\Code\User\globalStorage\redhat.java\1.53.0\config_win -data c:\Users\anshu\AppData\Roaming\Code\User\workspaceStorage\96783c51abcd23fa3d8c1bf67ed6debc\redhat.java\jdt_ws --pipe=\\.\pipe\lsp-1b26eecdd864e73ccf00d65e07cbdc44-sock
java_class_path (initial): c:\Users\anshu\.vscode\extensions\redhat.java-1.53.0-win32-x64\server\plugins\org.eclipse.equinox.launcher_1.7.100.v20251111-0406.jar
Launcher Type: SUN_STANDARD

[Global flags]
    uintx AdaptiveSizePolicyWeight                 = 90                                        {product} {command line}
     intx CICompilerCount                          = 4                                         {product} {ergonomic}
    uintx GCTimeRatio                              = 4                                         {product} {command line}
     bool HeapDumpOnOutOfMemoryError               = true                                   {manageable} {command line}
    ccstr HeapDumpPath                             = c:\Users\anshu\AppData\Roaming\Code\User\workspaceStorage\96783c51abcd23fa3d8c1bf67ed6debc\redhat.java         {manageable} {command line}
   size_t InitialHeapSize                          = 104857600                                 {product} {command line}
   size_t MaxHeapSize                              = 2147483648                                {product} {command line}
   size_t MaxNewSize                               = 715653120                                 {product} {ergonomic}
   size_t MinHeapDeltaBytes                        = 524288                                    {product} {ergonomic}
   size_t MinHeapSize                              = 104857600                                 {product} {command line}
   size_t NewSize                                  = 34603008                                  {product} {ergonomic}
    uintx NonNMethodCodeHeapSize                   = 5839372                                {pd product} {ergonomic}
    uintx NonProfiledCodeHeapSize                  = 122909434                              {pd product} {ergonomic}
   size_t OldSize                                  = 70254592                                  {product} {ergonomic}
    uintx ProfiledCodeHeapSize                     = 122909434                              {pd product} {ergonomic}
    uintx ReservedCodeCacheSize                    = 251658240                              {pd product} {ergonomic}
     bool SegmentedCodeCache                       = true                                      {product} {ergonomic}
   size_t SoftMaxHeapSize                          = 2147483648                             {manageable} {ergonomic}
     bool UseCompressedOops                        = true                           {product lp64_product} {ergonomic}
     bool UseLargePagesIndividualAllocation        = false                                  {pd product} {ergonomic}
     bool UseParallelGC                            = true                                      {product} {command line}

Logging:
Log output configuration:
 #0: stdout all=off uptime,level,tags foldmultilines=false
 #1: stderr all=off uptime,level,tags foldmultilines=false

Release file:
JAVA_VERSION="21.0.10" 
MODULES="java.base java.compiler java.datatransfer java.xml java.prefs java.desktop java.instrument java.logging java.management java.security.sasl java.naming java.rmi java.management.rmi java.net.http java.scripting java.security.jgss java.transaction.xa java.sql java.sql.rowset java.xml.crypto java.se java.smartcardio jdk.accessibility jdk.internal.jvmstat jdk.attach jdk.charsets jdk.internal.opt jdk.zipfs jdk.compiler jdk.crypto.ec jdk.crypto.cryptoki jdk.crypto.mscapi jdk.dynalink jdk.internal.ed jdk.editpad jdk.hotspot.agent jdk.httpserver jdk.internal.le jdk.internal.vm.ci jdk.internal.vm.compiler jdk.internal.vm.compiler.management jdk.jartool jdk.javadoc jdk.jcmd jdk.management jdk.management.agent jdk.jconsole jdk.jdeps jdk.jdwp.agent jdk.jdi jdk.jfr jdk.jshell jdk.jsobject jdk.jstatd jdk.localedata jdk.management.jfr jdk.naming.dns jdk.naming.rmi jdk.net jdk.nio.mapmode jdk.random jdk.sctp jdk.security.auth jdk.security.jgss jdk.unsupported jdk.unsupported.desktop jdk.xml.dom" 

Environment Variables:
PATH=C:\Program Files\Common Files\Oracle\Java\javapath;C:\Users\anshu\OneDrive\Pictures\Desktop\apache-maven-3.9.10-bin\apache-maven-3.9.10\bin;C:\windows\system32;C:\windows;C:\windows\System32\Wbem;C:\windows\System32\WindowsPowerShell\v1.0\;C:\windows\System32\OpenSSH\;C:\Program Files (x86)\NVIDIA Corporation\PhysX\Common;C:\Program Files\NVIDIA Corporation\NVIDIA NvDLISR;C:\MinGW\bin;C:\Program Files\MySQL\MySQL Server 9.1\bin;C:\Program Files\Git\cmd;C:\Users\anshu\Desktop\apache-maven-3.9.10\bin;;C:\WINDOWS\system32;C:\WINDOWS;C:\WINDOWS\System32\Wbem;C:\WINDOWS\System32\WindowsPowerShell\v1.0\;C:\WINDOWS\System32\OpenSSH\;C:\Program Files\Docker\Docker\resources\bin;C:\Program Files\MySQL\MySQL Shell 8.0\bin\;C:\Users\anshu\AppData\Local\Microsoft\WindowsApps;C:\Users\anshu\Downloads\apache-maven-3.9.10\bin;C:\Users\anshu\AppData\Local\Programs\Microsoft VS Code\bin
USERNAME=anshu
OS=Windows_NT
PROCESSOR_IDENTIFIER=Intel64 Family 6 Model 154 Stepping 3, GenuineIntel
TMP=C:\Users\anshu\AppData\Local\Temp
TEMP=C:\Users\anshu\AppData\Local\Temp




Periodic native trim disabled

---------------  S Y S T E M  ---------------

OS:
 Windows 11 , 64 bit Build 26100 (10.0.26100.4484)
OS uptime: 0 days 0:48 hours
Hyper-V role detected

CPU: total 12 (initial active 12) (6 cores per cpu, 2 threads per core) family 6 model 154 stepping 3 microcode 0x434, cx8, cmov, fxsr, ht, mmx, 3dnowpref, sse, sse2, sse3, ssse3, sse4.1, sse4.2, popcnt, lzcnt, tsc, tscinvbit, avx, avx2, aes, erms, clmul, bmi1, bmi2, adx, sha, fma, vzeroupper, clflush, clflushopt, clwb, hv, serialize, rdtscp, rdpid, fsrm, f16c, cet_ibt, cet_ss
Processor Information for processor 0
  Max Mhz: 2000, Current Mhz: 2000, Mhz Limit: 2000
Processor Information for processor 1
  Max Mhz: 2000, Current Mhz: 2000, Mhz Limit: 2000
Processor Information for processor 2
  Max Mhz: 2000, Current Mhz: 2000, Mhz Limit: 2000
Processor Information for processor 3
  Max Mhz: 2000, Current Mhz: 2000, Mhz Limit: 2000
Processor Information for processor 4
  Max Mhz: 2000, Current Mhz: 2000, Mhz Limit: 2000
Processor Information for processor 5
  Max Mhz: 2000, Current Mhz: 2000, Mhz Limit: 2000
Processor Information for processor 6
  Max Mhz: 2000, Current Mhz: 2000, Mhz Limit: 2000
Processor Information for processor 7
  Max Mhz: 2000, Current Mhz: 2000, Mhz Limit: 2000
Processor Information for processor 8
  Max Mhz: 2000, Current Mhz: 2000, Mhz Limit: 2000
Processor Information for processor 9
  Max Mhz: 2000, Current Mhz: 2000, Mhz Limit: 2000
Processor Information for processor 10
  Max Mhz: 2000, Current Mhz: 2000, Mhz Limit: 2000
Processor Information for processor 11
  Max Mhz: 2000, Current Mhz: 1466, Mhz Limit: 2000

Memory: 4k page, system-wide physical 7860M (588M free)
TotalPageFile size 15077M (AvailPageFile size 5M)
current process WorkingSet (physical memory assigned to process): 370M, peak: 431M
current process commit charge ("private bytes"): 527M, peak: 527M

vm_info: OpenJDK 64-Bit Server VM (21.0.10+7-LTS) for windows-amd64 JRE (21.0.10+7-LTS), built on 2026-01-20T00:00:00Z by "admin" with MS VC++ 17.12 (VS2022)

END.
